<html>
<body>
<pre>
<h1>µVision Build Log</h1>
<h2>Tool Versions:</h2>
IDE-Version: ÂµVision V5.36.0.0
Copyright (C) 2021 ARM Ltd and ARM Germany GmbH. All rights reserved.
License Information: alper kutzy ozbek, odtü, LIC=----
 
Tool Versions:
Toolchain:       MDK-Lite  Version: 5.36.0.0
Toolchain Path:  C:\Keil_v5\ARM\ARMCLANG\Bin
C Compiler:      ArmClang.exe V6.16
Assembler:       Armasm.exe V6.16
Linker/Locator:  ArmLink.exe V6.16
Library Manager: ArmAr.exe V6.16
Hex Converter:   FromElf.exe V6.16
CPU DLL:         SARMCM3.DLL V5.36.0.0
Dialog DLL:      DCM.DLL V1.17.3.0
Target DLL:      lmidk-agdi.dll V???
Dialog DLL:      TCM.DLL V1.53.0.0
 
<h2>Project:</h2>
C:\Users\alper\Desktop\EE\EE4-1\EE 447\Lab5\Q4\Q4.uvprojx
Project File Date:  12/10/2022

<h2>Output:</h2>
*** Using Compiler 'V6.16', folder: 'C:\Keil_v5\ARM\ARMCLANG\Bin'
Build target 'Target 1'
q4.c(1): warning: In file included from...
./Init.h(1): warning: In file included from...
C:/Users/alper/AppData/Local/Arm/Packs/Keil/TM4C_DFP/1.1.0/Device/Include/TM4C123\TM4C123GH6PM.h(298): warning: anonymous unions are a C11 extension [-Wc11-extensions]
  union {
  ^
C:/Users/alper/AppData/Local/Arm/Packs/Keil/TM4C_DFP/1.1.0/Device/Include/TM4C123\TM4C123GH6PM.h(338): warning: anonymous unions are a C11 extension [-Wc11-extensions]
  union {
  ^
C:/Users/alper/AppData/Local/Arm/Packs/Keil/TM4C_DFP/1.1.0/Device/Include/TM4C123\TM4C123GH6PM.h(357): warning: anonymous unions are a C11 extension [-Wc11-extensions]
  union {
  ^
C:/Users/alper/AppData/Local/Arm/Packs/Keil/TM4C_DFP/1.1.0/Device/Include/TM4C123\TM4C123GH6PM.h(713): warning: anonymous unions are a C11 extension [-Wc11-extensions]
  union {
  ^
C:/Users/alper/AppData/Local/Arm/Packs/Keil/TM4C_DFP/1.1.0/Device/Include/TM4C123\TM4C123GH6PM.h(729): warning: anonymous unions are a C11 extension [-Wc11-extensions]
  union {
  ^
C:/Users/alper/AppData/Local/Arm/Packs/Keil/TM4C_DFP/1.1.0/Device/Include/TM4C123\TM4C123GH6PM.h(774): warning: anonymous unions are a C11 extension [-Wc11-extensions]
  union {
  ^
C:/Users/alper/AppData/Local/Arm/Packs/Keil/TM4C_DFP/1.1.0/Device/Include/TM4C123\TM4C123GH6PM.h(779): warning: anonymous unions are a C11 extension [-Wc11-extensions]
  union {
  ^
C:/Users/alper/AppData/Local/Arm/Packs/Keil/TM4C_DFP/1.1.0/Device/Include/TM4C123\TM4C123GH6PM.h(872): warning: anonymous unions are a C11 extension [-Wc11-extensions]
  union {
  ^
C:/Users/alper/AppData/Local/Arm/Packs/Keil/TM4C_DFP/1.1.0/Device/Include/TM4C123\TM4C123GH6PM.h(885): warning: anonymous unions are a C11 extension [-Wc11-extensions]
  union {
  ^
C:/Users/alper/AppData/Local/Arm/Packs/Keil/TM4C_DFP/1.1.0/Device/Include/TM4C123\TM4C123GH6PM.h(892): warning: anonymous unions are a C11 extension [-Wc11-extensions]
  union {
  ^
C:/Users/alper/AppData/Local/Arm/Packs/Keil/TM4C_DFP/1.1.0/Device/Include/TM4C123\TM4C123GH6PM.h(897): warning: anonymous unions are a C11 extension [-Wc11-extensions]
  union {
  ^
C:/Users/alper/AppData/Local/Arm/Packs/Keil/TM4C_DFP/1.1.0/Device/Include/TM4C123\TM4C123GH6PM.h(904): warning: anonymous unions are a C11 extension [-Wc11-extensions]
  union {
  ^
C:/Users/alper/AppData/Local/Arm/Packs/Keil/TM4C_DFP/1.1.0/Device/Include/TM4C123\TM4C123GH6PM.h(910): warning: anonymous unions are a C11 extension [-Wc11-extensions]
  union {
  ^
C:/Users/alper/AppData/Local/Arm/Packs/Keil/TM4C_DFP/1.1.0/Device/Include/TM4C123\TM4C123GH6PM.h(917): warning: anonymous unions are a C11 extension [-Wc11-extensions]
  union {
  ^
C:/Users/alper/AppData/Local/Arm/Packs/Keil/TM4C_DFP/1.1.0/Device/Include/TM4C123\TM4C123GH6PM.h(924): warning: anonymous unions are a C11 extension [-Wc11-extensions]
  union {
  ^
C:/Users/alper/AppData/Local/Arm/Packs/Keil/TM4C_DFP/1.1.0/Device/Include/TM4C123\TM4C123GH6PM.h(929): warning: anonymous unions are a C11 extension [-Wc11-extensions]
  union {
  ^
C:/Users/alper/AppData/Local/Arm/Packs/Keil/TM4C_DFP/1.1.0/Device/Include/TM4C123\TM4C123GH6PM.h(936): warning: anonymous unions are a C11 extension [-Wc11-extensions]
  union {
  ^
C:/Users/alper/AppData/Local/Arm/Packs/Keil/TM4C_DFP/1.1.0/Device/Include/TM4C123\TM4C123GH6PM.h(942): warning: anonymous unions are a C11 extension [-Wc11-extensions]
  union {
  ^
C:/Users/alper/AppData/Local/Arm/Packs/Keil/TM4C_DFP/1.1.0/Device/Include/TM4C123\TM4C123GH6PM.h(949): warning: anonymous unions are a C11 extension [-Wc11-extensions]
  union {
  ^
C:/Users/alper/AppData/Local/Arm/Packs/Keil/TM4C_DFP/1.1.0/Device/Include/TM4C123\TM4C123GH6PM.h(956): warning: anonymous unions are a C11 extension [-Wc11-extensions]
  union {
  ^
C:/Users/alper/AppData/Local/Arm/Packs/Keil/TM4C_DFP/1.1.0/Device/Include/TM4C123\TM4C123GH6PM.h(961): warning: anonymous unions are a C11 extension [-Wc11-extensions]
  union {
  ^
C:/Users/alper/AppData/Local/Arm/Packs/Keil/TM4C_DFP/1.1.0/Device/Include/TM4C123\TM4C123GH6PM.h(968): warning: anonymous unions are a C11 extension [-Wc11-extensions]
  union {
  ^
C:/Users/alper/AppData/Local/Arm/Packs/Keil/TM4C_DFP/1.1.0/Device/Include/TM4C123\TM4C123GH6PM.h(974): warning: anonymous unions are a C11 extension [-Wc11-extensions]
  union {
  ^
C:/Users/alper/AppData/Local/Arm/Packs/Keil/TM4C_DFP/1.1.0/Device/Include/TM4C123\TM4C123GH6PM.h(981): warning: anonymous unions are a C11 extension [-Wc11-extensions]
  union {
  ^
C:/Users/alper/AppData/Local/Arm/Packs/Keil/TM4C_DFP/1.1.0/Device/Include/TM4C123\TM4C123GH6PM.h(988): warning: anonymous unions are a C11 extension [-Wc11-extensions]
  union {
  ^
C:/Users/alper/AppData/Local/Arm/Packs/Keil/TM4C_DFP/1.1.0/Device/Include/TM4C123\TM4C123GH6PM.h(993): warning: anonymous unions are a C11 extension [-Wc11-extensions]
  union {
  ^
C:/Users/alper/AppData/Local/Arm/Packs/Keil/TM4C_DFP/1.1.0/Device/Include/TM4C123\TM4C123GH6PM.h(1000): warning: anonymous unions are a C11 extension [-Wc11-extensions]
  union {
  ^
C:/Users/alper/AppData/Local/Arm/Packs/Keil/TM4C_DFP/1.1.0/Device/Include/TM4C123\TM4C123GH6PM.h(1006): warning: anonymous unions are a C11 extension [-Wc11-extensions]
  union {
  ^
C:/Users/alper/AppData/Local/Arm/Packs/Keil/TM4C_DFP/1.1.0/Device/Include/TM4C123\TM4C123GH6PM.h(1013): warning: anonymous unions are a C11 extension [-Wc11-extensions]
  union {
  ^
C:/Users/alper/AppData/Local/Arm/Packs/Keil/TM4C_DFP/1.1.0/Device/Include/TM4C123\TM4C123GH6PM.h(1020): warning: anonymous unions are a C11 extension [-Wc11-extensions]
  union {
  ^
C:/Users/alper/AppData/Local/Arm/Packs/Keil/TM4C_DFP/1.1.0/Device/Include/TM4C123\TM4C123GH6PM.h(1025): warning: anonymous unions are a C11 extension [-Wc11-extensions]
  union {
  ^
C:/Users/alper/AppData/Local/Arm/Packs/Keil/TM4C_DFP/1.1.0/Device/Include/TM4C123\TM4C123GH6PM.h(1032): warning: anonymous unions are a C11 extension [-Wc11-extensions]
  union {
  ^
C:/Users/alper/AppData/Local/Arm/Packs/Keil/TM4C_DFP/1.1.0/Device/Include/TM4C123\TM4C123GH6PM.h(1038): warning: anonymous unions are a C11 extension [-Wc11-extensions]
  union {
  ^
C:/Users/alper/AppData/Local/Arm/Packs/Keil/TM4C_DFP/1.1.0/Device/Include/TM4C123\TM4C123GH6PM.h(1045): warning: anonymous unions are a C11 extension [-Wc11-extensions]
  union {
  ^
C:/Users/alper/AppData/Local/Arm/Packs/Keil/TM4C_DFP/1.1.0/Device/Include/TM4C123\TM4C123GH6PM.h(1052): warning: anonymous unions are a C11 extension [-Wc11-extensions]
  union {
  ^
C:/Users/alper/AppData/Local/Arm/Packs/Keil/TM4C_DFP/1.1.0/Device/Include/TM4C123\TM4C123GH6PM.h(1057): warning: anonymous unions are a C11 extension [-Wc11-extensions]
  union {
  ^
C:/Users/alper/AppData/Local/Arm/Packs/Keil/TM4C_DFP/1.1.0/Device/Include/TM4C123\TM4C123GH6PM.h(1064): warning: anonymous unions are a C11 extension [-Wc11-extensions]
  union {
  ^
C:/Users/alper/AppData/Local/Arm/Packs/Keil/TM4C_DFP/1.1.0/Device/Include/TM4C123\TM4C123GH6PM.h(1070): warning: anonymous unions are a C11 extension [-Wc11-extensions]
  union {
  ^
C:/Users/alper/AppData/Local/Arm/Packs/Keil/TM4C_DFP/1.1.0/Device/Include/TM4C123\TM4C123GH6PM.h(1077): warning: anonymous unions are a C11 extension [-Wc11-extensions]
  union {
  ^
C:/Users/alper/AppData/Local/Arm/Packs/Keil/TM4C_DFP/1.1.0/Device/Include/TM4C123\TM4C123GH6PM.h(1084): warning: anonymous unions are a C11 extension [-Wc11-extensions]
  union {
  ^
C:/Users/alper/AppData/Local/Arm/Packs/Keil/TM4C_DFP/1.1.0/Device/Include/TM4C123\TM4C123GH6PM.h(1089): warning: anonymous unions are a C11 extension [-Wc11-extensions]
  union {
  ^
C:/Users/alper/AppData/Local/Arm/Packs/Keil/TM4C_DFP/1.1.0/Device/Include/TM4C123\TM4C123GH6PM.h(1096): warning: anonymous unions are a C11 extension [-Wc11-extensions]
  union {
  ^
C:/Users/alper/AppData/Local/Arm/Packs/Keil/TM4C_DFP/1.1.0/Device/Include/TM4C123\TM4C123GH6PM.h(1102): warning: anonymous unions are a C11 extension [-Wc11-extensions]
  union {
  ^
C:/Users/alper/AppData/Local/Arm/Packs/Keil/TM4C_DFP/1.1.0/Device/Include/TM4C123\TM4C123GH6PM.h(1251): warning: anonymous unions are a C11 extension [-Wc11-extensions]
  union {
  ^
q4.c(1): warning: In file included from...
./Init.h(6): warning: declaration does not declare anything [-Wmissing-declarations]
int ;
^~~
./Init.h(8): warning: this function declaration is not a prototype [-Wstrict-prototypes]
void init_gpio_adc();
                  ^
                   void
./Init.h(9): warning: this function declaration is not a prototype [-Wstrict-prototypes]
int take_value();
              ^
               void
./Init.h(11): warning: this function declaration is not a prototype [-Wstrict-prototypes]
void systick_init();
                 ^
                  void
./Init.h(40): warning: implicit conversion loses integer precision: 'int' to 'char' [-Wimplicit-int-conversion]
                        msg1[i]=number-(new_number*10)+48;      
                               ~~~~~~~~~~~~~~~~~~~~~~~^~~
./Init.h(137): warning: implicit conversion loses integer precision: 'int' to 'char' [-Wimplicit-int-conversion]
                        msg1[i]=number-(new_number*10)+48;      
                               ~~~~~~~~~~~~~~~~~~~~~~~^~~
./Init.h(153): warning: implicit conversion changes signedness: 'volatile uint32_t' (aka 'volatile unsigned int') to 'int' [-Wsign-conversion]
        value1= SYSCTL->PRADC;
              ~ ~~~~~~~~^~~~~
./Init.h(166): warning: implicit conversion changes signedness: 'int' to 'unsigned int' [-Wsign-conversion]
        ADC0->EMUX |= ~0xF000;
                   ~~ ^~~~~~~
./Init.h(150): warning: no previous prototype for function 'init_gpio_adc' [-Wmissing-prototypes]
void init_gpio_adc()
     ^
./Init.h(8): note: this declaration is not a prototype; add 'void' to make it a prototype for a zero-parameter function
void init_gpio_adc();
     ^
                   void
./Init.h(150): warning: this old-style function definition is not preceded by a prototype [-Wstrict-prototypes]
void init_gpio_adc()
                  ^
./Init.h(185): warning: implicit conversion changes signedness: 'volatile uint32_t' (aka 'volatile unsigned int') to 'int' [-Wsign-conversion]
                        value2=ADC0->SSFIFO3;
                              ~~~~~~~^~~~~~~
./Init.h(173): warning: no previous prototype for function 'take_value' [-Wmissing-prototypes]
int take_value()
    ^
./Init.h(9): note: this declaration is not a prototype; add 'void' to make it a prototype for a zero-parameter function
int take_value();
    ^
               void
./Init.h(173): warning: this old-style function definition is not preceded by a prototype [-Wstrict-prototypes]
int take_value()
              ^
./Init.h(196): warning: no newline at end of file [-Wnewline-eof]
}
 ^
./Init.h(190): warning: no previous prototype for function 'systick_init' [-Wmissing-prototypes]
void systick_init()
     ^
./Init.h(11): note: this declaration is not a prototype; add 'void' to make it a prototype for a zero-parameter function
void systick_init();
     ^
                  void
./Init.h(190): warning: this old-style function definition is not preceded by a prototype [-Wstrict-prototypes]
void systick_init()
                 ^
q4.c(18): warning: no newline at end of file [-Wnewline-eof]
}
 ^
q4.c(13): warning: no previous prototype for function 'SysTick_Handler' [-Wmissing-prototypes]
void SysTick_Handler ( void )
     ^
q4.c(13): note: declare 'static' if the function is not intended to be used outside of this translation unit
void SysTick_Handler ( void )
^
static 
q4.c(1): warning: In file included from...
./Init.h(3): warning: no previous extern declaration for non-static variable 'value1' [-Wmissing-variable-declarations]
int value1,value2;
    ^
./Init.h(3): note: declare 'static' if the variable is not intended to be used outside of this translation unit
int value1,value2;
^
./Init.h(3): warning: no previous extern declaration for non-static variable 'value2' [-Wmissing-variable-declarations]
int value1,value2;
           ^
./Init.h(3): note: declare 'static' if the variable is not intended to be used outside of this translation unit
int value1,value2;
^
./Init.h(4): warning: no previous extern declaration for non-static variable 'msg1' [-Wmissing-variable-declarations]
char msg1[100],msg2[100];
     ^
./Init.h(4): note: declare 'static' if the variable is not intended to be used outside of this translation unit
char msg1[100],msg2[100];
^
./Init.h(4): warning: no previous extern declaration for non-static variable 'msg2' [-Wmissing-variable-declarations]
char msg1[100],msg2[100];
               ^
./Init.h(4): note: declare 'static' if the variable is not intended to be used outside of this translation unit
char msg1[100],msg2[100];
^
./Init.h(5): warning: no previous extern declaration for non-static variable 'new_number' [-Wmissing-variable-declarations]
int new_number,int_number,detect;
    ^
./Init.h(5): note: declare 'static' if the variable is not intended to be used outside of this translation unit
int new_number,int_number,detect;
^
./Init.h(5): warning: no previous extern declaration for non-static variable 'int_number' [-Wmissing-variable-declarations]
int new_number,int_number,detect;
               ^
./Init.h(5): note: declare 'static' if the variable is not intended to be used outside of this translation unit
int new_number,int_number,detect;
^
./Init.h(5): warning: no previous extern declaration for non-static variable 'detect' [-Wmissing-variable-declarations]
int new_number,int_number,detect;
                          ^
./Init.h(5): note: declare 'static' if the variable is not intended to be used outside of this translation unit
int new_number,int_number,detect;
^
q4.c(2): warning: no previous extern declaration for non-static variable 'data2' [-Wmissing-variable-declarations]
int data2,output_data,temp;
    ^
q4.c(2): note: declare 'static' if the variable is not intended to be used outside of this translation unit
int data2,output_data,temp;
^
q4.c(2): warning: no previous extern declaration for non-static variable 'output_data' [-Wmissing-variable-declarations]
int data2,output_data,temp;
          ^
q4.c(2): note: declare 'static' if the variable is not intended to be used outside of this translation unit
int data2,output_data,temp;
^
q4.c(2): warning: no previous extern declaration for non-static variable 'temp' [-Wmissing-variable-declarations]
int data2,output_data,temp;
                      ^
q4.c(2): note: declare 'static' if the variable is not intended to be used outside of this translation unit
int data2,output_data,temp;
^
72 warnings generated.
compiling q4.c...
linking...
Program Size: Code=1632 RO-data=636 RW-data=0 ZI-data=832  
".\Objects\Q4.axf" - 0 Error(s), 72 Warning(s).

<h2>Software Packages used:</h2>

Package Vendor: ARM
                http://www.keil.com/pack/ARM.CMSIS.5.9.0.pack
                ARM.CMSIS.5.9.0
                CMSIS (Common Microcontroller Software Interface Standard)
   * Component: CORE Version: 5.6.0

Package Vendor: Keil
                http://www.keil.com/pack/Keil.TM4C_DFP.1.1.0.pack
                Keil.TM4C_DFP.1.1.0
                Texas Instruments Tiva C Series Device Support and Examples
   * Component: Startup Version: 1.0.1

<h2>Collection of Component include folders:</h2>
  .\RTE\_Target_1
  C:\Users\alper\AppData\Local\Arm\Packs\ARM\CMSIS\5.9.0\CMSIS\Core\Include
  C:\Users\alper\AppData\Local\Arm\Packs\Keil\TM4C_DFP\1.1.0\Device\Include\TM4C123

<h2>Collection of Component Files used:</h2>

   * Component: ARM::CMSIS:CORE:5.6.0

   * Component: Keil::Device:Startup:1.0.1
      Source file:   Device\Source\ARM\startup_TM4C123.s
      Include file:  Device\Include\TM4C123\TM4C123.h
      Source file:   Device\Source\system_TM4C123.c
Build Time Elapsed:  00:00:01
</pre>
</body>
</html>
